// Jest Snapshot v1, https://goo.gl/fbAQLP

exports[`<Main /> should render a heading element 1`] = `
<div>
  <main>
    <h1>
      React avan√ßado
    </h1>
  </main>
</div>
`;
